// Jest Snapshot v1, https://goo.gl/fbAQLP

exports[`Test of Profile Components Profile Components Renders correctly 1`] = `
<div
  className="container-fluid container"
>
  <table
    className="col-xl-12 col-lg-12 col-md-12 col-sm-12 table"
  >
    <thead>
      <tr>
        <th>
          Mission
        </th>
        <th>
          description
        </th>
        <th>
          Status
        </th>
        <th>
           
        </th>
      </tr>
    </thead>
    <tbody />
  </table>
</div>
`;
